[INFO] Scanning for projects...
[INFO] 
[INFO] --------------------< com.lastmilebanking:backend >---------------------
[INFO] Building  0.0.1-SNAPSHOT
[INFO]   from pom.xml
[INFO] --------------------------------[ jar ]---------------------------------
[INFO] 
[INFO] --- resources:3.5.0:resources (default-resources) @ backend ---
[INFO] Copying 1 resource from src\main\resources to target\classes
[INFO] Copying 0 resource from src\main\resources to target\classes
[INFO] 
[INFO] --- compiler:3.15.0:compile (default-compile) @ backend ---
[INFO] Nothing to compile - all classes are up to date.
[INFO] 
[INFO] --- resources:3.5.0:testResources (default-testResources) @ backend ---
[INFO] skip non existing resourceDirectory E:\backend\backend\src\test\resources
[INFO] 
[INFO] --- compiler:3.15.0:testCompile (default-testCompile) @ backend ---
[INFO] Recompiling the module because of changed source code.
[INFO] Compiling 5 source files with javac [debug parameters release 21] to target\test-classes
[INFO] -------------------------------------------------------------
[ERROR] COMPILATION ERROR : 
[INFO] -------------------------------------------------------------
[ERROR] /E:/backend/backend/src/test/java/com/lastmilebanking/backend/controller/TransactionControllerTest.java:[11,63] package org.springframework.boot.test.autoconfigure.web.servlet does not exist
[ERROR] /E:/backend/backend/src/test/java/com/lastmilebanking/backend/controller/TransactionControllerTest.java:[12,50] package org.springframework.boot.test.mock.mockito does not exist
[ERROR] /E:/backend/backend/src/test/java/com/lastmilebanking/backend/controller/TransactionControllerTest.java:[24,2] cannot find symbol
  symbol: class WebMvcTest
[ERROR] /E:/backend/backend/src/test/java/com/lastmilebanking/backend/controller/TransactionControllerTest.java:[30,6] cannot find symbol
  symbol:   class MockBean
  location: class com.lastmilebanking.backend.controller.TransactionControllerTest
[ERROR] /E:/backend/backend/src/test/java/com/lastmilebanking/backend/controller/TransactionControllerTest.java:[140,9] cannot find symbol
  symbol:   method assertThat(boolean)
  location: class com.lastmilebanking.backend.controller.TransactionControllerTest
[INFO] 5 errors 
[INFO] -------------------------------------------------------------
[INFO] ------------------------------------------------------------------------
[INFO] BUILD FAILURE
[INFO] ------------------------------------------------------------------------
[INFO] Total time:  6.312 s
[INFO] Finished at: 2026-08-14T22:28:16+05:30
[INFO] ------------------------------------------------------------------------
[ERROR] Failed to execute goal org.apache.maven.plugins:maven-compiler-plugin:3.15.0:testCompile (default-testCompile) on project backend: Compilation failure: Compilation failure: 
[ERROR] /E:/backend/backend/src/test/java/com/lastmilebanking/backend/controller/TransactionControllerTest.java:[11,63] package org.springframework.boot.test.autoconfigure.web.servlet does not exist
[ERROR] /E:/backend/backend/src/test/java/com/lastmilebanking/backend/controller/TransactionControllerTest.java:[12,50] package org.springframework.boot.test.mock.mockito does not exist
[ERROR] /E:/backend/backend/src/test/java/com/lastmilebanking/backend/controller/TransactionControllerTest.java:[24,2] cannot find symbol
[ERROR]   symbol: class WebMvcTest
[ERROR] /E:/backend/backend/src/test/java/com/lastmilebanking/backend/controller/TransactionControllerTest.java:[30,6] cannot find symbol
[ERROR]   symbol:   class MockBean
[ERROR]   location: class com.lastmilebanking.backend.controller.TransactionControllerTest
[ERROR] /E:/backend/backend/src/test/java/com/lastmilebanking/backend/controller/TransactionControllerTest.java:[140,9] cannot find symbol
[ERROR]   symbol:   method assertThat(boolean)
[ERROR]   location: class com.lastmilebanking.backend.controller.TransactionControllerTest
[ERROR] -> [Help 1]
[ERROR] 
[ERROR] To see the full stack trace of the errors, re-run Maven with the -e switch.
[ERROR] Re-run Maven using the -X switch to enable full debug logging.
[ERROR] 
[ERROR] For more information about the errors and possible solutions, please read the following articles:
[ERROR] [Help 1] http://cwiki.apache.org/confluence/display/MAVEN/MojoFailureException
